 138494 2051
 138495 2051
 138512 2051
 138517 2051
 138522 2051
 138525 2051
 138532 2051
 138538 2051
 138540 2051
 138543 2051
 138545 2051
 138554 2051
 138555 2051
 138569 2051
 138585 2051
 138590 2051
 138597 2051
 138603 2051
 138643 2051
 138651 2051
 138658 2051
 138679 2051
 138696 2051
 138701 2051
 138708 2051
 138723 2051
 138724 2051
 138728 2051
 138730 2051
 138746 2051
 138753 2051
 138754 2051
 138759 2051
 138775 2051
 138781 2051
 138786 2051
 138789 2051
 138811 2051
 138830 2051
 138837 2051
 138843 2051
 138850 2051
 138857 2051
 138860 2051
 138870 2051
 138873 2051
 138993 2051
 139002 2051
 139034 2051
 139044 2051
 139045 2051
 139048 2051
 139080 2051
 139085 2051
 139086 2051
10
 138494 2051
 138495 2051
 138512 2051
 138517 2051
 138522 2051
 138525 2051
 138532 2051
 138538 2051
 138540 2051
 138543 2051
 138545 2051
 138554 2051
 138555 2051
 138569 2051
 138585 2051
 138590 2051
 138597 2051
 138603 2051
 138643 2051
 138651 2051
 138658 2051
 138679 2051
 138696 2051
 138701 2051
 138708 2051
 138723 2051
 138724 2051
 138728 2051
 138730 2051
 138746 2051
 138753 2051
 138754 2051
 138759 2051
 138775 2051
 138781 2051
 138786 2051
 138789 2051
 138811 2051
 138830 2051
 138837 2051
 138843 2051
 138850 2051
 138857 2051
 138860 2051
 138870 2051
 138873 2051
 138993 2051
 139002 2051
 139034 2051
 139044 2051
 139045 2051
 139048 2051
 139080 2051
 139085 2051
 139086 2051
10
 138494 2051
 138495 2051
 138512 2051
 138517 2051
 138522 2051
 138525 2051
 138532 2051
 138538 2051
 138540 2051
 138543 2051
 138545 2051
 138554 2051
 138555 2051
 138569 2051
 138585 2051
 138590 2051
 138597 2051
 138603 2051
 138643 2051
 138651 2051
 138658 2051
 138679 2051
 138696 2051
 138701 2051
 138708 2051
 138723 2051
 138724 2051
 138728 2051
 138730 2051
 138746 2051
 138753 2051
 138754 2051
 138759 2051
 138775 2051
 138781 2051
 138786 2051
 138789 2051
 138811 2051
 138830 2051
 138837 2051
 138843 2051
 138850 2051
 138857 2051
 138860 2051
 138870 2051
 138873 2051
 138993 2051
 139002 2051
 139034 2051
 139044 2051
 139045 2051
 139048 2051
 139080 2051
 139085 2051
 139086 2051
10
 140166 2051
 140171 2051
 140175 2051
 140183 2051
 140197 2051
 140214 2051
 140225 2051
 140270 2051
 140294 2051
 140377 2051
 140409 2051
 140414 2051
 140460 2051
 140461 2051
 140463 2051
 140487 2051
 140490 2051
 140499 2051
 140504 2051
 140505 2051
 140511 2051
 140513 2051
 140514 2051
 140521 2051
 140547 2051
 140569 2051
 140586 2051
 140608 2051
 140654 2051
 140667 2051
 140686 2051
 140784 2051
 140811 2051
 140814 2051
 140817 2051
 140822 2051
 140829 2051
 140906 2051
 140917 2051
 140924 2051
 140925 2051
 140999 2051
 141006 2051
 141035 2051
 141064 2051
 141072 2051
 141073 2051
 141092 2051
 141093 2051
 141096 2051
 141121 2051
 141150 2051
 141179 2051
 141185 2051
 141187 2051
10
 142801 2051
 142874 2051
 142876 2051
 142960 2051
 142982 2051
 143105 2051
 143170 2051
 143211 2051
 143213 2051
 143309 2051
 143341 2051
 143371 2051
 143379 2051
 143389 2051
 143456 2051
 143466 2051
 143468 2051
 143472 2051
 143486 2051
 143488 2051
 143489 2051
 143508 2051
 143533 2051
 143604 2051
 143644 2051
 143711 2051
 143718 2051
 143759 2051
 143791 2051
 143801 2051
 143842 2051
 143870 2051
 143952 2051
 143993 2051
 143995 2051
 144070 2051
 144101 2051
 144105 2051
 144123 2051
 144162 2051
 144166 2051
 144278 2051
 144284 2051
 144305 2051
 144309 2051
 144371 2051
 144395 2051
 144436 2051
 144438 2051
 144445 2051
 144447 2051
 144482 2051
 144484 2051
 144485 2051
 144488 2051
10
 147137 2051
 147226 2051
 147276 2051
 147291 2051
 147303 2051
 147363 2051
 147366 2051
 147400 2051
 147426 2051
 147440 2051
 147442 2051
 147443 2051
 147454 2051
 147458 2051
 147459 2051
 147463 2051
 147466 2051
 147474 2051
 147477 2051
 165173 2051
 165312 2051
 165686 2051
 166085 2051
 166097 2051
 166199 2051
 166266 2051
 166281 2051
 166314 2051
 166315 2051
 166331 2051
 166339 2051
 169200 2051
 169242 2051
 169286 2051
 169313 2051
 169339 2051
 169903 2051
 169920 2051
 170524 2051
 171080 2051
 171578 2051
 171631 2051
 171659 2051
 171664 2051
 171914 2051
 171930 2051
 171986 2051
 172108 2051
 172172 2051
 172287 2051
 172396 2051
 172541 2051
 172691 2051
 172812 2051
 172819 2051
10
 185460 2051
 185463 2051
 185469 2051
 185757 2051
 185916 2051
 185958 2051
 186103 2051
 186122 2051
 186387 2051
 186536 2051
 186575 2051
 186635 2051
 186797 2051
 186815 2051
 186819 2051
 186878 2051
 186887 2051
 187009 2051
 187053 2051
 187189 2051
 187231 2051
 187267 2051
 187273 2051
 187376 2051
 187490 2051
 187773 2051
 188454 2051
 188561 2051
 189365 2051
 189573 2051
 189584 2051
 189911 2051
 190033 2051
 190155 2051
 190734 2051
 190774 2051
 191097 2051
 191137 2051
 191614 2051
 191700 2051
 191815 2051
 191957 2051
 192446 2051
 192465 2051
 192494 2051
 192683 2051
 192765 2051
 192774 2051
 192779 2051
 193264 2051
 193490 2051
 193545 2051
 193562 2051
 193611 2051
 193740 2051
10
10
10
10
10
10
1
1
1
1
1
0
0
0.00195312
0.00390625
0.00585938
0.0078125
0.00976562
0.0117188
0.0136719
0.015625
0.0175781
0.0195312
0.0214844
0.0234375
0.0253906
0.0273438
0.0292969
0.03125
0.0332031
0.0351562
0.0371094
0.0390625
0.0410156
